2026-01-31 05:00:16,527 - INFO - ============================================================
2026-01-31 05:00:16,527 - INFO - 🚀 Latest CSV Combiner 実行開始
2026-01-31 05:00:16,527 - INFO - ============================================================
2026-01-31 05:00:16,528 - INFO - 対象日付: 20260131
2026-01-31 05:00:16,528 - INFO - ✅ 20260131 のCSVファイル: 4個
2026-01-31 05:00:16,528 - INFO -   1. japanese_stocks_data_4_20260131_045949.csv (更新日時: 2026-01-31 05:00:05.512257)
2026-01-31 05:00:16,528 - INFO -   2. japanese_stocks_data_3_20260131_041044.csv (更新日時: 2026-01-31 05:00:05.510257)
2026-01-31 05:00:16,528 - INFO -   3. japanese_stocks_data_2_20260131_030211.csv (更新日時: 2026-01-31 05:00:05.508257)
2026-01-31 05:00:16,528 - INFO -   4. japanese_stocks_data_1_20260131_015952.csv (更新日時: 2026-01-31 05:00:05.507257)
2026-01-31 05:00:16,528 - INFO - 📁 出力ファイル: ./Export/20260131_combined.csv
2026-01-31 05:00:16,528 - INFO - 読み込み中: japanese_stocks_data_4_20260131_045949.csv
2026-01-31 05:00:16,538 - INFO -   - 行数: 783, 列数: 32
2026-01-31 05:00:16,538 - INFO - 読み込み中: japanese_stocks_data_3_20260131_041044.csv
2026-01-31 05:00:16,548 - INFO -   - 行数: 1000, 列数: 32
2026-01-31 05:00:16,549 - INFO - 読み込み中: japanese_stocks_data_2_20260131_030211.csv
2026-01-31 05:00:16,558 - INFO -   - 行数: 1000, 列数: 32
2026-01-31 05:00:16,558 - INFO - 読み込み中: japanese_stocks_data_1_20260131_015952.csv
2026-01-31 05:00:16,569 - INFO -   - 行数: 1000, 列数: 32
2026-01-31 05:00:16,569 - INFO - CSVファイルを結合中...
2026-01-31 05:00:16,573 - INFO - 重複除去: 3783 → 3783 行 (0行を除去)
2026-01-31 05:00:16,670 - INFO - ✅ 結合完了: ./Export/20260131_combined.csv
2026-01-31 05:00:16,670 - INFO -    - 総行数: 3783
2026-01-31 05:00:16,670 - INFO -    - 総列数: 32
2026-01-31 05:00:16,670 - INFO -    - ファイルサイズ: 1.41 MB
2026-01-31 05:00:16,670 - INFO - ============================================================
2026-01-31 05:00:16,670 - INFO - ✅ CSV結合処理が正常に完了しました
2026-01-31 05:00:16,670 - INFO - ============================================================
2026-02-06 21:58:31,907 - INFO - ============================================================
2026-02-06 21:58:31,907 - INFO - 🚀 Latest CSV Combiner 実行開始
2026-02-06 21:58:31,907 - INFO - ============================================================
2026-02-06 21:58:31,908 - INFO - 対象日付: 20260206
2026-02-06 21:58:31,908 - INFO - ✅ 20260206 のCSVファイル: 4個
2026-02-06 21:58:31,908 - INFO -   1. japanese_stocks_data_4_20260206_215759.csv (更新日時: 2026-02-06 21:58:18.674206)
2026-02-06 21:58:31,908 - INFO -   2. japanese_stocks_data_3_20260206_210519.csv (更新日時: 2026-02-06 21:58:18.672206)
2026-02-06 21:58:31,908 - INFO -   3. japanese_stocks_data_2_20260206_195952.csv (更新日時: 2026-02-06 21:58:18.671206)
2026-02-06 21:58:31,908 - INFO -   4. japanese_stocks_data_1_20260206_185347.csv (更新日時: 2026-02-06 21:58:18.670206)
2026-02-06 21:58:31,908 - INFO - 📁 出力ファイル: ./Export/20260206_combined.csv
2026-02-06 21:58:31,908 - INFO - 読み込み中: japanese_stocks_data_4_20260206_215759.csv
2026-02-06 21:58:31,916 - INFO -   - 行数: 783, 列数: 33
2026-02-06 21:58:31,916 - INFO - 読み込み中: japanese_stocks_data_3_20260206_210519.csv
2026-02-06 21:58:31,922 - INFO -   - 行数: 1000, 列数: 33
2026-02-06 21:58:31,922 - INFO - 読み込み中: japanese_stocks_data_2_20260206_195952.csv
2026-02-06 21:58:31,928 - INFO -   - 行数: 1000, 列数: 33
2026-02-06 21:58:31,928 - INFO - 読み込み中: japanese_stocks_data_1_20260206_185347.csv
2026-02-06 21:58:31,935 - INFO -   - 行数: 1000, 列数: 33
2026-02-06 21:58:31,935 - INFO - CSVファイルを結合中...
2026-02-06 21:58:31,937 - INFO - 重複除去: 3783 → 3783 行 (0行を除去)
2026-02-06 21:58:32,030 - INFO - ✅ 結合完了: ./Export/20260206_combined.csv
2026-02-06 21:58:32,030 - INFO -    - 総行数: 3783
2026-02-06 21:58:32,030 - INFO -    - 総列数: 33
2026-02-06 21:58:32,030 - INFO -    - ファイルサイズ: 1.43 MB
2026-02-06 21:58:32,031 - INFO - ============================================================
2026-02-06 21:58:32,031 - INFO - ✅ CSV結合処理が正常に完了しました
2026-02-06 21:58:32,031 - INFO - ============================================================
